2025-10-18 09:40:53,102 [Worker-7: Loading available Gradle versions] INFO  o.e.b.c.i.u.g.PublishedGradleVersions - Gradle version information cache is up-to-date. Trying to read.
2025-10-18 09:41:24,684 [Worker-16: Importing Maven projects] INFO  o.e.m.c.i.l.LifecycleMappingFactory - Using org.maven.ide.eclipse.wtp.WarLifecycleMapping lifecycle mapping for MavenProject: com.klef:backend-springbootapp:0.0.1-SNAPSHOT @ E:\DEVOPS-EXAM\devops-exam-fullstack\backend-springbootapp\pom.xml.
2025-10-18 09:41:27,190 [Worker-16: Importing Maven projects] INFO  o.e.m.j.i.AbstractJavaProjectConfigurator - Adding source folder /backend-springbootapp/src/main/java
2025-10-18 09:41:27,195 [Worker-16: Importing Maven projects] INFO  o.e.m.j.i.AbstractJavaProjectConfigurator - Adding resource folder /backend-springbootapp/src/main/resources
2025-10-18 09:41:27,201 [Worker-16: Importing Maven projects] INFO  o.e.m.j.i.AbstractJavaProjectConfigurator - Adding resource folder /backend-springbootapp/src/main/resources
2025-10-18 09:41:27,207 [Worker-16: Importing Maven projects] INFO  o.e.m.j.i.AbstractJavaProjectConfigurator - Adding source folder /backend-springbootapp/src/test/java
2025-10-18 09:41:27,208 [Worker-16: Importing Maven projects] INFO  o.e.m.j.i.AbstractJavaProjectConfigurator - Adding resource folder /backend-springbootapp/src/test/resources
2025-10-18 09:41:33,911 [Worker-16: Importing Maven projects] INFO  o.e.m.c.i.p.ProjectConfigurationManager - Imported and configured 1 project(s) in 12 sec
2025-10-18 09:41:37,083 [Worker-31: Building] INFO  o.a.m.s.f.DefaultMavenResourcesFiltering - Copying 1 resource from src\main\resources to target\classes
2025-10-18 09:41:37,133 [Worker-31: Building] INFO  o.a.m.s.f.DefaultMavenResourcesFiltering - Copying 0 resource from src\main\resources to target\classes
2025-10-18 09:41:37,146 [Worker-31: Building] INFO  o.a.m.s.f.DefaultMavenResourcesFiltering - skip non existing resourceDirectory E:\DEVOPS-EXAM\devops-exam-fullstack\backend-springbootapp\src\test\resources
2025-10-18 09:42:31,170 [Worker-30: Building] INFO  o.a.m.s.f.DefaultMavenResourcesFiltering - Copying 1 resource from src\main\resources to target\classes
2025-10-18 09:42:31,180 [Worker-30: Building] INFO  o.a.m.s.f.DefaultMavenResourcesFiltering - Copying 0 resource from src\main\resources to target\classes
2025-10-18 09:42:31,184 [Worker-30: Building] INFO  o.a.m.s.f.DefaultMavenResourcesFiltering - skip non existing resourceDirectory E:\DEVOPS-EXAM\devops-exam-fullstack\backend-springbootapp\src\test\resources
2025-10-18 09:43:06,126 [Worker-1: Building] INFO  o.e.m.c.i.l.LifecycleMappingFactory - Using org.maven.ide.eclipse.wtp.WarLifecycleMapping lifecycle mapping for MavenProject: com.klef:backend-springbootapp:0.0.1-SNAPSHOT @ E:\DEVOPS-EXAM\devops-exam-fullstack\backend-springbootapp\pom.xml.
2025-10-18 09:43:07,135 [Worker-1: Building] INFO  o.a.m.s.f.DefaultMavenResourcesFiltering - Copying 0 resource from src\main\resources to target\classes
2025-10-18 09:43:07,136 [Worker-1: Building] INFO  o.a.m.s.f.DefaultMavenResourcesFiltering - Copying 0 resource from src\main\resources to target\classes
2025-10-18 09:43:07,142 [Worker-1: Building] INFO  o.a.m.s.f.DefaultMavenResourcesFiltering - skip non existing resourceDirectory E:\DEVOPS-EXAM\devops-exam-fullstack\backend-springbootapp\src\test\resources
2025-10-18 09:43:07,142 [Worker-1: Building] INFO  o.e.m.w.i.f.ResourceFilteringBuildParticipant - Changed resources require a complete clean of filtered resources of backend-springbootapp
2025-10-18 09:43:07,146 [Worker-1: Building] INFO  o.e.m.w.i.f.ResourceFilteringBuildParticipant - Executing resource filtering for backend-springbootapp
2025-10-18 09:43:14,790 [Worker-9: Updating Maven Project] INFO  o.e.m.c.i.p.ProjectConfigurationManager - Update started
2025-10-18 09:43:15,129 [Worker-9: Updating Maven Project] INFO  o.e.m.c.i.l.LifecycleMappingFactory - Using org.maven.ide.eclipse.wtp.WarLifecycleMapping lifecycle mapping for MavenProject: com.klef:backend-springbootapp:0.0.1-SNAPSHOT @ E:\DEVOPS-EXAM\devops-exam-fullstack\backend-springbootapp\pom.xml.
2025-10-18 09:43:15,768 [Worker-9: Updating Maven Project] INFO  o.e.m.j.i.AbstractJavaProjectConfigurator - Adding source folder /backend-springbootapp/src/main/java
2025-10-18 09:43:15,768 [Worker-9: Updating Maven Project] INFO  o.e.m.j.i.AbstractJavaProjectConfigurator - Adding resource folder /backend-springbootapp/src/main/resources
2025-10-18 09:43:15,769 [Worker-9: Updating Maven Project] INFO  o.e.m.j.i.AbstractJavaProjectConfigurator - Adding resource folder /backend-springbootapp/src/main/resources
2025-10-18 09:43:15,769 [Worker-9: Updating Maven Project] INFO  o.e.m.j.i.AbstractJavaProjectConfigurator - Adding source folder /backend-springbootapp/src/test/java
2025-10-18 09:43:15,769 [Worker-9: Updating Maven Project] INFO  o.e.m.j.i.AbstractJavaProjectConfigurator - Adding resource folder /backend-springbootapp/src/test/resources
2025-10-18 09:43:16,324 [Worker-9: Updating Maven Project] INFO  o.e.m.w.i.f.ResourceFilteringBuildParticipant - Cleaning filtered folder for backend-springbootapp
2025-10-18 09:43:16,348 [Worker-9: Updating Maven Project] INFO  o.e.m.c.i.p.ProjectConfigurationManager - Update completed for 1 poms: local refresh takes 0.00 sec, refresh facades takes 0.00 sec, update config takes 0.00 sec 
2025-10-18 09:43:16,769 [Worker-5: Building] INFO  o.a.m.s.f.DefaultMavenResourcesFiltering - Copying 1 resource from src\main\resources to target\classes
2025-10-18 09:43:16,783 [Worker-5: Building] INFO  o.a.m.s.f.DefaultMavenResourcesFiltering - Copying 0 resource from src\main\resources to target\classes
2025-10-18 09:43:16,789 [Worker-5: Building] INFO  o.a.m.s.f.DefaultMavenResourcesFiltering - skip non existing resourceDirectory E:\DEVOPS-EXAM\devops-exam-fullstack\backend-springbootapp\src\test\resources
2025-10-18 09:43:16,789 [Worker-5: Building] INFO  o.e.m.w.i.f.ResourceFilteringBuildParticipant - Changed resources require a complete clean of filtered resources of backend-springbootapp
2025-10-18 09:43:16,789 [Worker-5: Building] INFO  o.e.m.w.i.f.ResourceFilteringBuildParticipant - Executing resource filtering for backend-springbootapp
